Archive member included to satisfy reference by file (symbol)

d:\ipaylabsdk\tools\cross-compiler\arm\sigmastar\gcc-10.2.1\bin\../arm-none-linux-gnueabihf/libc/usr/lib/libc_nonshared.a(elf-init.oS)
                              d:/ipaylabsdk/tools/cross-compiler/arm/sigmastar/gcc-10.2.1/bin/../arm-none-linux-gnueabihf/libc/usr/lib/crt1.o (__libc_csu_init)

Discarded input sections

 .note.GNU-stack
                0x0000000000000000        0x0 d:/ipaylabsdk/tools/cross-compiler/arm/sigmastar/gcc-10.2.1/bin/../arm-none-linux-gnueabihf/libc/usr/lib/crt1.o
 .note.GNU-stack
                0x0000000000000000        0x0 d:/ipaylabsdk/tools/cross-compiler/arm/sigmastar/gcc-10.2.1/bin/../arm-none-linux-gnueabihf/libc/usr/lib/crti.o
 .note.GNU-stack
                0x0000000000000000        0x0 d:/ipaylabsdk/tools/cross-compiler/arm/sigmastar/gcc-10.2.1/bin/../lib/gcc/arm-none-linux-gnueabihf/10.2.1/crtbegin.o
 .note.GNU-stack
                0x0000000000000000        0x0 obj_err/comm.o
 .note.GNU-stack
                0x0000000000000000        0x0 obj_err/debug.o
 .note.GNU-stack
                0x0000000000000000        0x0 obj_err/main.o
 .note.GNU-stack
                0x0000000000000000        0x0 obj_err/vkeythread.o
 .note.GNU-stack
                0x0000000000000000        0x0 obj_err/cJSON.o
 .note.GNU-stack
                0x0000000000000000        0x0 obj_err/cJSON_Utils.o
 .note.GNU-stack
                0x0000000000000000        0x0 d:\ipaylabsdk\tools\cross-compiler\arm\sigmastar\gcc-10.2.1\bin\../arm-none-linux-gnueabihf/libc/usr/lib/libc_nonshared.a(elf-init.oS)
 .note.GNU-stack
                0x0000000000000000        0x0 d:/ipaylabsdk/tools/cross-compiler/arm/sigmastar/gcc-10.2.1/bin/../lib/gcc/arm-none-linux-gnueabihf/10.2.1/crtend.o
 .note.GNU-stack
                0x0000000000000000        0x0 d:/ipaylabsdk/tools/cross-compiler/arm/sigmastar/gcc-10.2.1/bin/../arm-none-linux-gnueabihf/libc/usr/lib/crtn.o

Memory Configuration

Name             Origin             Length             Attributes
*default*        0x0000000000000000 0xffffffffffffffff

Linker script and memory map

LOAD d:/ipaylabsdk/tools/cross-compiler/arm/sigmastar/gcc-10.2.1/bin/../arm-none-linux-gnueabihf/libc/usr/lib/crt1.o
LOAD d:/ipaylabsdk/tools/cross-compiler/arm/sigmastar/gcc-10.2.1/bin/../arm-none-linux-gnueabihf/libc/usr/lib/crti.o
LOAD d:/ipaylabsdk/tools/cross-compiler/arm/sigmastar/gcc-10.2.1/bin/../lib/gcc/arm-none-linux-gnueabihf/10.2.1/crtbegin.o
LOAD obj_err/comm.o
LOAD obj_err/debug.o
LOAD obj_err/main.o
LOAD obj_err/vkeythread.o
LOAD obj_err/cJSON.o
LOAD obj_err/cJSON_Utils.o
LOAD D:\iPaylabSDK\api\arm\sigmastar\2.0.0\LIB/libsdk.so
LOAD D:\iPaylabSDK\api\arm\sigmastar\2.0.0\syslib/libfreetype.so
LOAD D:\iPaylabSDK\api\arm\sigmastar\2.0.0\syslib/libpng16.so
LOAD D:\iPaylabSDK\api\arm\sigmastar\2.0.0\syslib/libturbojpeg.so
LOAD D:\iPaylabSDK\api\arm\sigmastar\2.0.0\syslib/libjpeg.so
LOAD D:\iPaylabSDK\api\arm\sigmastar\2.0.0\syslib/libz.so
LOAD D:\iPaylabSDK\api\arm\sigmastar\2.0.0\syslib/libcjson.so
LOAD d:/ipaylabsdk/tools/cross-compiler/arm/sigmastar/gcc-10.2.1/bin/../arm-none-linux-gnueabihf/libc/usr/lib/libpthread.so
LOAD D:\iPaylabSDK\api\arm\sigmastar\2.0.0\syslib/libsqlite3.so
LOAD D:\iPaylabSDK\api\arm\sigmastar\2.0.0\syslib\libscos.a
LOAD d:/ipaylabsdk/tools/cross-compiler/arm/sigmastar/gcc-10.2.1/bin/../lib/gcc/arm-none-linux-gnueabihf/10.2.1\libgcc.a
LOAD d:/ipaylabsdk/tools/cross-compiler/arm/sigmastar/gcc-10.2.1/bin/../lib/gcc/arm-none-linux-gnueabihf/10.2.1/../../../../arm-none-linux-gnueabihf/lib/libgcc_s.so
START GROUP
LOAD d:/ipaylabsdk/tools/cross-compiler/arm/sigmastar/gcc-10.2.1/bin/../lib/gcc/arm-none-linux-gnueabihf/10.2.1/../../../../arm-none-linux-gnueabihf/lib\libgcc_s.so.1
LOAD d:/ipaylabsdk/tools/cross-compiler/arm/sigmastar/gcc-10.2.1/bin/../lib/gcc/arm-none-linux-gnueabihf/10.2.1\libgcc.a
END GROUP
LOAD d:/ipaylabsdk/tools/cross-compiler/arm/sigmastar/gcc-10.2.1/bin/../arm-none-linux-gnueabihf/libc/usr/lib/libc.so
START GROUP
LOAD d:\ipaylabsdk\tools\cross-compiler\arm\sigmastar\gcc-10.2.1\bin\../arm-none-linux-gnueabihf/libc/lib/libc.so.6
LOAD d:\ipaylabsdk\tools\cross-compiler\arm\sigmastar\gcc-10.2.1\bin\../arm-none-linux-gnueabihf/libc/usr/lib/libc_nonshared.a
LOAD d:\ipaylabsdk\tools\cross-compiler\arm\sigmastar\gcc-10.2.1\bin\../arm-none-linux-gnueabihf/libc/lib/ld-linux-armhf.so.3
END GROUP
LOAD d:/ipaylabsdk/tools/cross-compiler/arm/sigmastar/gcc-10.2.1/bin/../lib/gcc/arm-none-linux-gnueabihf/10.2.1\libgcc.a
LOAD d:/ipaylabsdk/tools/cross-compiler/arm/sigmastar/gcc-10.2.1/bin/../lib/gcc/arm-none-linux-gnueabihf/10.2.1/../../../../arm-none-linux-gnueabihf/lib/libgcc_s.so
START GROUP
LOAD d:/ipaylabsdk/tools/cross-compiler/arm/sigmastar/gcc-10.2.1/bin/../lib/gcc/arm-none-linux-gnueabihf/10.2.1/../../../../arm-none-linux-gnueabihf/lib\libgcc_s.so.1
LOAD d:/ipaylabsdk/tools/cross-compiler/arm/sigmastar/gcc-10.2.1/bin/../lib/gcc/arm-none-linux-gnueabihf/10.2.1\libgcc.a
END GROUP
LOAD d:/ipaylabsdk/tools/cross-compiler/arm/sigmastar/gcc-10.2.1/bin/../lib/gcc/arm-none-linux-gnueabihf/10.2.1/crtend.o
LOAD d:/ipaylabsdk/tools/cross-compiler/arm/sigmastar/gcc-10.2.1/bin/../arm-none-linux-gnueabihf/libc/usr/lib/crtn.o
                [!provide]                        PROVIDE (__executable_start = SEGMENT_START ("text-segment", 0x10000))
                0x0000000000010154                . = (SEGMENT_START ("text-segment", 0x10000) + SIZEOF_HEADERS)

.interp         0x0000000000010154       0x19
 *(.interp)
 .interp        0x0000000000010154       0x19 d:/ipaylabsdk/tools/cross-compiler/arm/sigmastar/gcc-10.2.1/bin/../arm-none-linux-gnueabihf/libc/usr/lib/crt1.o

.note.ABI-tag   0x0000000000010170       0x20
 .note.ABI-tag  0x0000000000010170       0x20 d:/ipaylabsdk/tools/cross-compiler/arm/sigmastar/gcc-10.2.1/bin/../arm-none-linux-gnueabihf/libc/usr/lib/crt1.o

.note.gnu.build-id
 *(.note.gnu.build-id)

.hash           0x0000000000010190      0x688
 *(.hash)
 .hash          0x0000000000010190      0x688 d:/ipaylabsdk/tools/cross-compiler/arm/sigmastar/gcc-10.2.1/bin/../arm-none-linux-gnueabihf/libc/usr/lib/crt1.o

.gnu.hash       0x0000000000010818      0x780
 *(.gnu.hash)
 .gnu.hash      0x0000000000010818      0x780 d:/ipaylabsdk/tools/cross-compiler/arm/sigmastar/gcc-10.2.1/bin/../arm-none-linux-gnueabihf/libc/usr/lib/crt1.o

.dynsym         0x0000000000010f98      0xdb0
 *(.dynsym)
 .dynsym        0x0000000000010f98      0xdb0 d:/ipaylabsdk/tools/cross-compiler/arm/sigmastar/gcc-10.2.1/bin/../arm-none-linux-gnueabihf/libc/usr/lib/crt1.o

.dynstr         0x0000000000011d48      0xe58
 *(.dynstr)
 .dynstr        0x0000000000011d48      0xe58 d:/ipaylabsdk/tools/cross-compiler/arm/sigmastar/gcc-10.2.1/bin/../arm-none-linux-gnueabihf/libc/usr/lib/crt1.o

.gnu.version    0x0000000000012ba0      0x1b6
 *(.gnu.version)
 .gnu.version   0x0000000000012ba0      0x1b6 d:/ipaylabsdk/tools/cross-compiler/arm/sigmastar/gcc-10.2.1/bin/../arm-none-linux-gnueabihf/libc/usr/lib/crt1.o

.gnu.version_d  0x0000000000012d58        0x0
 *(.gnu.version_d)
 .gnu.version_d
                0x0000000000012d58        0x0 d:/ipaylabsdk/tools/cross-compiler/arm/sigmastar/gcc-10.2.1/bin/../arm-none-linux-gnueabihf/libc/usr/lib/crt1.o

.gnu.version_r  0x0000000000012d58       0x70
 *(.gnu.version_r)
 .gnu.version_r
                0x0000000000012d58       0x70 d:/ipaylabsdk/tools/cross-compiler/arm/sigmastar/gcc-10.2.1/bin/../arm-none-linux-gnueabihf/libc/usr/lib/crt1.o

.rel.dyn        0x0000000000012dc8        0x8
 *(.rel.init)
 *(.rel.text .rel.text.* .rel.gnu.linkonce.t.*)
 *(.rel.fini)
 *(.rel.rodata .rel.rodata.* .rel.gnu.linkonce.r.*)
 *(.rel.data.rel.ro .rel.data.rel.ro.* .rel.gnu.linkonce.d.rel.ro.*)
 .rel.data.rel.ro
                0x0000000000012dc8        0x0 d:/ipaylabsdk/tools/cross-compiler/arm/sigmastar/gcc-10.2.1/bin/../arm-none-linux-gnueabihf/libc/usr/lib/crt1.o
 *(.rel.data .rel.data.* .rel.gnu.linkonce.d.*)
 *(.rel.tdata .rel.tdata.* .rel.gnu.linkonce.td.*)
 *(.rel.tbss .rel.tbss.* .rel.gnu.linkonce.tb.*)
 *(.rel.ctors)
 *(.rel.dtors)
 *(.rel.got)
 .rel.got       0x0000000000012dc8        0x8 d:/ipaylabsdk/tools/cross-compiler/arm/sigmastar/gcc-10.2.1/bin/../arm-none-linux-gnueabihf/libc/usr/lib/crt1.o
 *(.rel.bss .rel.bss.* .rel.gnu.linkonce.b.*)
 .rel.bss       0x0000000000012dd0        0x0 d:/ipaylabsdk/tools/cross-compiler/arm/sigmastar/gcc-10.2.1/bin/../arm-none-linux-gnueabihf/libc/usr/lib/crt1.o
                [!provide]                        PROVIDE (__rel_iplt_start = .)
 *(.rel.iplt)
 .rel.iplt      0x0000000000012dd0        0x0 d:/ipaylabsdk/tools/cross-compiler/arm/sigmastar/gcc-10.2.1/bin/../arm-none-linux-gnueabihf/libc/usr/lib/crt1.o
                [!provide]                        PROVIDE (__rel_iplt_end = .)

.rela.dyn       0x0000000000012dd0        0x0
 *(.rela.init)
 *(.rela.text .rela.text.* .rela.gnu.linkonce.t.*)
 *(.rela.fini)
 *(.rela.rodata .rela.rodata.* .rela.gnu.linkonce.r.*)
 *(.rela.data .rela.data.* .rela.gnu.linkonce.d.*)
 *(.rela.tdata .rela.tdata.* .rela.gnu.linkonce.td.*)
 *(.rela.tbss .rela.tbss.* .rela.gnu.linkonce.tb.*)
 *(.rela.ctors)
 *(.rela.dtors)
 *(.rela.got)
 *(.rela.bss .rela.bss.* .rela.gnu.linkonce.b.*)
                [!provide]                        PROVIDE (__rela_iplt_start = .)
 *(.rela.iplt)
                [!provide]                        PROVIDE (__rela_iplt_end = .)

.rel.plt        0x0000000000012dd0      0x288
 *(.rel.plt)
 .rel.plt       0x0000000000012dd0      0x288 d:/ipaylabsdk/tools/cross-compiler/arm/sigmastar/gcc-10.2.1/bin/../arm-none-linux-gnueabihf/libc/usr/lib/crt1.o

.rela.plt
 *(.rela.plt)

.init           0x0000000000013058        0xc
 *(SORT_NONE(.init))
 .init          0x0000000000013058        0x8 d:/ipaylabsdk/tools/cross-compiler/arm/sigmastar/gcc-10.2.1/bin/../arm-none-linux-gnueabihf/libc/usr/lib/crti.o
                0x0000000000013058                _init
 .init          0x0000000000013060        0x4 d:/ipaylabsdk/tools/cross-compiler/arm/sigmastar/gcc-10.2.1/bin/../arm-none-linux-gnueabihf/libc/usr/lib/crtn.o

.plt            0x0000000000013064      0x3e0
 *(.plt)
 .plt           0x0000000000013064      0x3e0 d:/ipaylabsdk/tools/cross-compiler/arm/sigmastar/gcc-10.2.1/bin/../arm-none-linux-gnueabihf/libc/usr/lib/crt1.o
                0x0000000000013078                open@@GLIBC_2.4
                0x0000000000013084                sync@@GLIBC_2.4
                0x0000000000013090                abort@@GLIBC_2.4
                0x000000000001309c                pthread_exit@@GLIBC_2.4
                0x00000000000130a8                __libc_start_main@@GLIBC_2.4
                0x00000000000130b4                __isoc99_fscanf@@GLIBC_2.7
                0x00000000000130c0                TfxCalcLRC@@sdk_1.0
                0x00000000000130cc                TfxSerialPortClose@@sdk_1.0
                0x00000000000130e4                TfxSerialPortOpen@@sdk_1.0
                0x00000000000130f0                __isoc99_sscanf@@GLIBC_2.7
                0x00000000000130fc                vsprintf@@GLIBC_2.4
                0x0000000000013108                rename@@GLIBC_2.4
                0x0000000000013114                fclose@@GLIBC_2.4
                0x0000000000013120                strtod@@GLIBC_2.4
                0x000000000001312c                system@@GLIBC_2.4
                0x0000000000013138                TfxInitialize@@sdk_1.0
                0x0000000000013144                calloc@@GLIBC_2.4
                0x0000000000013150                pthread_kill@@GLIBC_2.4
                0x000000000001315c                TfxGetOverTimer@@sdk_1.0
                0x0000000000013168                fopen@@GLIBC_2.4
                0x0000000000013174                memset@@GLIBC_2.4
                0x0000000000013180                TfxTimerIsOver@@sdk_1.0
                0x000000000001318c                strrchr@@GLIBC_2.4
                0x0000000000013198                fsync@@GLIBC_2.4
                0x00000000000131a4                TfxDebug@@sdk_1.0
                0x00000000000131b0                TfxSerialPortReset@@sdk_1.0
                0x00000000000131bc                TfxC2ToInt@@sdk_1.0
                0x00000000000131c8                TfxScrSetFontSize@@sdk_1.0
                0x00000000000131d4                free@@GLIBC_2.4
                0x00000000000131e0                write@@GLIBC_2.4
                0x00000000000131ec                TfxScrUpdate@@sdk_1.0
                0x00000000000131f8                gettimeofday@@GLIBC_2.4
                0x0000000000013204                fseek@@GLIBC_2.4
                0x0000000000013210                pthread_mutex_unlock@@GLIBC_2.4
                0x000000000001321c                TfxScrClearAll@@sdk_1.0
                0x0000000000013228                TfxScrDestroy@@sdk_1.0
                0x0000000000013234                pthread_mutex_lock@@GLIBC_2.4
                0x0000000000013240                strlen@@GLIBC_2.4
                0x000000000001324c                pthread_create@@GLIBC_2.4
                0x0000000000013258                memcpy@@GLIBC_2.4
                0x0000000000013264                ftell@@GLIBC_2.4
                0x0000000000013270                TfxIntToC2@@sdk_1.0
                0x000000000001327c                strcpy@@GLIBC_2.4
                0x0000000000013288                TfxKeyboardClose@@sdk_1.0
                0x0000000000013294                pthread_mutex_destroy@@GLIBC_2.4
                0x00000000000132a0                printf@@GLIBC_2.4
                0x00000000000132ac                TfxKeyboardOpen@@sdk_1.0
                0x00000000000132b8                pthread_mutex_init@@GLIBC_2.4
                0x00000000000132c4                close@@GLIBC_2.4
                0x00000000000132d0                fwrite@@GLIBC_2.4
                0x00000000000132dc                TfxSerialPortWrite@@sdk_1.0
                0x00000000000132e8                TfxMenuSelect@@sdk_1.0
                0x00000000000132f4                TfxScrInit@@sdk_1.0
                0x0000000000013300                remove@@GLIBC_2.4
                0x000000000001330c                TfxInitKeyboard@@sdk_1.0
                0x0000000000013318                fprintf@@GLIBC_2.4
                0x0000000000013324                malloc@@GLIBC_2.4
                0x0000000000013330                TfxDestroy@@sdk_1.0
                0x000000000001333c                TfxScrSetBackgroundPic@@sdk_1.0
                0x0000000000013348                fputc@@GLIBC_2.4
                0x0000000000013354                TfxScrDisplayStrInline@@sdk_1.0
                0x0000000000013360                TfxSetDebugMode@@sdk_1.0
                0x000000000001336c                strcat@@GLIBC_2.4
                0x0000000000013378                TfxMsDelay@@sdk_1.0
                0x0000000000013384                puts@@GLIBC_2.4
                0x0000000000013390                TfxGetCurrentDatetime@@sdk_1.0
                0x000000000001339c                TfxScrSetFontColor@@sdk_1.0
                0x00000000000133a8                TfxSerialPortRead@@sdk_1.0
                0x00000000000133b4                TfxScrInitFont@@sdk_1.0
                0x00000000000133c0                vfprintf@@GLIBC_2.4
                0x00000000000133cc                strncmp@@GLIBC_2.4
                0x00000000000133d8                realloc@@GLIBC_2.4
                0x00000000000133e4                sysinfo@@GLIBC_2.4
                0x00000000000133f0                TfxGetKeyCode@@sdk_1.0
                0x00000000000133fc                tolower@@GLIBC_2.4
                0x0000000000013408                TfxScrSetLineGapSize@@sdk_1.0
                0x0000000000013414                strcmp@@GLIBC_2.4
                0x0000000000013420                __errno_location@@GLIBC_2.4
                0x000000000001342c                sprintf@@GLIBC_2.4
                0x0000000000013438                pthread_join@@GLIBC_2.4

.iplt           0x0000000000013444        0x0
 *(.iplt)
 .iplt          0x0000000000013444        0x0 d:/ipaylabsdk/tools/cross-compiler/arm/sigmastar/gcc-10.2.1/bin/../arm-none-linux-gnueabihf/libc/usr/lib/crt1.o

.text           0x0000000000013448     0x6ac8
 *(.text.unlikely .text.*_unlikely .text.unlikely.*)
 *(.text.exit .text.exit.*)
 *(.text.startup .text.startup.*)
 *(.text.hot .text.hot.*)
 *(SORT_BY_NAME(.text.sorted.*))
 *(.text .stub .text.* .gnu.linkonce.t.*)
 .text          0x0000000000013448       0x30 d:/ipaylabsdk/tools/cross-compiler/arm/sigmastar/gcc-10.2.1/bin/../arm-none-linux-gnueabihf/libc/usr/lib/crt1.o
                0x0000000000013448                _start
 .text          0x0000000000013478       0x24 d:/ipaylabsdk/tools/cross-compiler/arm/sigmastar/gcc-10.2.1/bin/../arm-none-linux-gnueabihf/libc/usr/lib/crti.o
 .text          0x000000000001349c       0x6c d:/ipaylabsdk/tools/cross-compiler/arm/sigmastar/gcc-10.2.1/bin/../lib/gcc/arm-none-linux-gnueabihf/10.2.1/crtbegin.o
 .text          0x0000000000013508      0xd22 obj_err/comm.o
                0x0000000000013508                CommInit
                0x0000000000013552                CommSend
                0x0000000000013576                CommRecv
                0x000000000001372e                CommRecvLen
                0x0000000000013778                CommClearBuf
                0x0000000000013788                ProReceivedCmd
                0x00000000000139e0                ProSendCmd
                0x0000000000013b0c                CommHangUp
                0x0000000000013b1c                ComInit
                0x0000000000013b8c                ComHangUp
                0x0000000000013d66                ComConnectPC
                0x0000000000013df6                ProComSendCmd
                0x0000000000013f94                ProComRecvCmd
                0x00000000000141c6                Request
 .text          0x000000000001422a      0x4c8 obj_err/debug.o
                0x000000000001422a                DebugIncCount
                0x00000000000142d4                DebugClearCount
                0x00000000000142e8                setDebugMode
                0x0000000000014308                DebugPrintf
                0x00000000000143fe                DebugMemory
                0x0000000000014558                DebugCmd
                0x000000000001456e                DebugSystemCmd
                0x0000000000014620                DebugFileSizeCheck
                0x0000000000014698                DebugRamInfo
                0x00000000000146a8                GetFreeRam
 .text          0x00000000000146f2      0x114 obj_err/main.o
                0x0000000000014772                main
 *fill*         0x0000000000014806        0x2 
 .text          0x0000000000014808      0x4e0 obj_err/vkeythread.o
                0x000000000001493c                VKeyStart
                0x00000000000149d2                VKeyWait
                0x0000000000014a92                VKeyStop
                0x0000000000014b10                WriteInputEvent
 .text          0x0000000000014ce8     0x39b0 obj_err/cJSON.o
                0x0000000000014ce8                cJSON_GetErrorPtr
                0x0000000000014d0c                cJSON_GetStringValue
                0x0000000000014d30                cJSON_GetNumberValue
                0x0000000000014d66                cJSON_Version
                0x0000000000014e62                cJSON_InitHooks
                0x0000000000014f78                cJSON_Delete
                0x0000000000015208                cJSON_SetNumberHelper
                0x0000000000015290                cJSON_SetValuestring
                0x0000000000015f72                cJSON_ParseWithOpts
                0x0000000000015faa                cJSON_ParseWithLengthOpts
                0x00000000000160f2                cJSON_Parse
                0x000000000001610e                cJSON_ParseWithLength
                0x000000000001623c                cJSON_Print
                0x000000000001625e                cJSON_PrintUnformatted
                0x0000000000016280                cJSON_PrintBuffered
                0x0000000000016320                cJSON_PrintPreallocated
                0x0000000000016e0a                cJSON_GetArraySize
                0x0000000000016e92                cJSON_GetArrayItem
                0x0000000000016f4a                cJSON_GetObjectItem
                0x0000000000016f68                cJSON_GetObjectItemCaseSensitive
                0x0000000000016f86                cJSON_HasObjectItem
                0x0000000000017098                cJSON_AddItemToArray
                0x0000000000017174                cJSON_AddItemToObject
                0x00000000000171a0                cJSON_AddItemToObjectCS
                0x00000000000171cc                cJSON_AddItemReferenceToArray
                0x0000000000017202                cJSON_AddItemReferenceToObject
                0x000000000001724c                cJSON_AddNullToObject
                0x000000000001728c                cJSON_AddTrueToObject
                0x00000000000172cc                cJSON_AddFalseToObject
                0x000000000001730c                cJSON_AddBoolToObject
                0x0000000000017350                cJSON_AddNumberToObject
                0x0000000000017398                cJSON_AddStringToObject
                0x00000000000173dc                cJSON_AddRawToObject
                0x0000000000017420                cJSON_AddObjectToObject
                0x0000000000017460                cJSON_AddArrayToObject
                0x00000000000174a0                cJSON_DetachItemViaPointer
                0x0000000000017520                cJSON_DetachItemFromArray
                0x0000000000017552                cJSON_DeleteItemFromArray
                0x0000000000017574                cJSON_DetachItemFromObject
                0x000000000001759a                cJSON_DetachItemFromObjectCaseSensitive
                0x00000000000175c0                cJSON_DeleteItemFromObject
                0x00000000000175e2                cJSON_DeleteItemFromObjectCaseSensitive
                0x0000000000017604                cJSON_InsertItemInArray
                0x0000000000017674                cJSON_ReplaceItemViaPointer
                0x0000000000017724                cJSON_ReplaceItemInArray
                0x00000000000177e2                cJSON_ReplaceItemInObject
                0x0000000000017804                cJSON_ReplaceItemInObjectCaseSensitive
                0x0000000000017826                cJSON_CreateNull
                0x0000000000017850                cJSON_CreateTrue
                0x000000000001787a                cJSON_CreateFalse
                0x00000000000178a4                cJSON_CreateBool
                0x00000000000178da                cJSON_CreateNumber
                0x0000000000017970                cJSON_CreateString
                0x00000000000179c2                cJSON_CreateStringReference
                0x00000000000179fc                cJSON_CreateObjectReference
                0x0000000000017a36                cJSON_CreateArrayReference
                0x0000000000017a70                cJSON_CreateRaw
                0x0000000000017ac2                cJSON_CreateArray
                0x0000000000017aec                cJSON_CreateObject
                0x0000000000017b16                cJSON_CreateIntArray
                0x0000000000017bc6                cJSON_CreateFloatArray
                0x0000000000017c74                cJSON_CreateDoubleArray
                0x0000000000017d1e                cJSON_CreateStringArray
                0x0000000000017dc4                cJSON_Duplicate
                0x0000000000018068                cJSON_Minify
                0x00000000000181a2                cJSON_IsInvalid
                0x00000000000181d0                cJSON_IsFalse
                0x00000000000181fe                cJSON_IsTrue
                0x000000000001822c                cJSON_IsBool
                0x000000000001825c                cJSON_IsNull
                0x000000000001828a                cJSON_IsNumber
                0x00000000000182b8                cJSON_IsString
                0x00000000000182e6                cJSON_IsArray
                0x0000000000018314                cJSON_IsObject
                0x0000000000018342                cJSON_IsRaw
                0x0000000000018370                cJSON_Compare
                0x000000000001865a                cJSON_malloc
                0x000000000001867a                cJSON_free
 .text          0x0000000000018698     0x1834 obj_err/cJSON_Utils.o
                0x0000000000018994                cJSONUtils_FindPointerFromObjectTo
                0x0000000000018c30                cJSONUtils_GetPointer
                0x0000000000018c4e                cJSONUtils_GetPointerCaseSensitive
                0x00000000000196b4                cJSONUtils_ApplyPatches
                0x0000000000019710                cJSONUtils_ApplyPatchesCaseSensitive
                0x0000000000019868                cJSONUtils_AddPatchToArray
                0x0000000000019b6e                cJSONUtils_GeneratePatches
                0x0000000000019bb2                cJSONUtils_GeneratePatchesCaseSensitive
                0x0000000000019bf6                cJSONUtils_SortObject
                0x0000000000019c0e                cJSONUtils_SortObjectCaseSensitive
                0x0000000000019d0e                cJSONUtils_MergePatch
                0x0000000000019d2c                cJSONUtils_MergePatchCaseSensitive
                0x0000000000019e90                cJSONUtils_GenerateMergePatch
                0x0000000000019eae                cJSONUtils_GenerateMergePatchCaseSensitive
 .text          0x0000000000019ecc       0x44 d:\ipaylabsdk\tools\cross-compiler\arm\sigmastar\gcc-10.2.1\bin\../arm-none-linux-gnueabihf/libc/usr/lib/libc_nonshared.a(elf-init.oS)
                0x0000000000019ecc                __libc_csu_init
                0x0000000000019f0c                __libc_csu_fini
 .text          0x0000000000019f10        0x0 d:/ipaylabsdk/tools/cross-compiler/arm/sigmastar/gcc-10.2.1/bin/../lib/gcc/arm-none-linux-gnueabihf/10.2.1/crtend.o
 .text          0x0000000000019f10        0x0 d:/ipaylabsdk/tools/cross-compiler/arm/sigmastar/gcc-10.2.1/bin/../arm-none-linux-gnueabihf/libc/usr/lib/crtn.o
 *(.gnu.warning)
 *(.glue_7t)
 .glue_7t       0x0000000000019f10        0x0 linker stubs
 *(.glue_7)
 .glue_7        0x0000000000019f10        0x0 linker stubs
 *(.vfp11_veneer)
 .vfp11_veneer  0x0000000000019f10        0x0 linker stubs
 *(.v4_bx)
 .v4_bx         0x0000000000019f10        0x0 linker stubs

.fini           0x0000000000019f10        0x8
 *(SORT_NONE(.fini))
 .fini          0x0000000000019f10        0x4 d:/ipaylabsdk/tools/cross-compiler/arm/sigmastar/gcc-10.2.1/bin/../arm-none-linux-gnueabihf/libc/usr/lib/crti.o
                0x0000000000019f10                _fini
 .fini          0x0000000000019f14        0x4 d:/ipaylabsdk/tools/cross-compiler/arm/sigmastar/gcc-10.2.1/bin/../arm-none-linux-gnueabihf/libc/usr/lib/crtn.o
                [!provide]                        PROVIDE (__etext = .)
                [!provide]                        PROVIDE (_etext = .)
                [!provide]                        PROVIDE (etext = .)

.rodata         0x0000000000019f18      0x600
 *(.rodata .rodata.* .gnu.linkonce.r.*)
 .rodata.cst4   0x0000000000019f18        0x4 d:/ipaylabsdk/tools/cross-compiler/arm/sigmastar/gcc-10.2.1/bin/../arm-none-linux-gnueabihf/libc/usr/lib/crt1.o
                0x0000000000019f18                _IO_stdin_used
 .rodata        0x0000000000019f1c       0x90 d:/ipaylabsdk/tools/cross-compiler/arm/sigmastar/gcc-10.2.1/bin/../lib/gcc/arm-none-linux-gnueabihf/10.2.1/crtbegin.o
 .rodata        0x0000000000019fac       0x86 obj_err/comm.o
 *fill*         0x000000000001a032        0x2 
 .rodata        0x000000000001a034       0xcd obj_err/debug.o
 *fill*         0x000000000001a101        0x3 
 .rodata        0x000000000001a104      0x244 obj_err/main.o
 .rodata        0x000000000001a348       0x5e obj_err/vkeythread.o
 *fill*         0x000000000001a3a6        0x2 
 .rodata        0x000000000001a3a8       0x50 obj_err/cJSON.o
 .rodata        0x000000000001a3f8       0x90 obj_err/cJSON_Utils.o
 .rodata        0x000000000001a488       0x90 d:/ipaylabsdk/tools/cross-compiler/arm/sigmastar/gcc-10.2.1/bin/../lib/gcc/arm-none-linux-gnueabihf/10.2.1/crtend.o

.rodata1
 *(.rodata1)

.ARM.extab      0x000000000001a518        0x0
 *(.ARM.extab* .gnu.linkonce.armextab.*)
 .ARM.extab     0x000000000001a518        0x0 d:/ipaylabsdk/tools/cross-compiler/arm/sigmastar/gcc-10.2.1/bin/../arm-none-linux-gnueabihf/libc/usr/lib/crt1.o

.ARM.exidx      0x000000000001a518        0x8
                [!provide]                        PROVIDE (__exidx_start = .)
 *(.ARM.exidx* .gnu.linkonce.armexidx.*)
 .ARM.exidx     0x000000000001a518        0x8 d:/ipaylabsdk/tools/cross-compiler/arm/sigmastar/gcc-10.2.1/bin/../arm-none-linux-gnueabihf/libc/usr/lib/crt1.o
                [!provide]                        PROVIDE (__exidx_end = .)

.eh_frame_hdr
 *(.eh_frame_hdr)
 *(.eh_frame_entry .eh_frame_entry.*)

.eh_frame       0x000000000001a520        0x4
 *(.eh_frame)
 .eh_frame      0x000000000001a520        0x4 d:/ipaylabsdk/tools/cross-compiler/arm/sigmastar/gcc-10.2.1/bin/../lib/gcc/arm-none-linux-gnueabihf/10.2.1/crtend.o
 *(.eh_frame.*)

.gcc_except_table
 *(.gcc_except_table .gcc_except_table.*)

.gnu_extab
 *(.gnu_extab*)

.exception_ranges
 *(.exception_ranges*)
                0x000000000002aec0                . = DATA_SEGMENT_ALIGN (CONSTANT (MAXPAGESIZE), CONSTANT (COMMONPAGESIZE))

.eh_frame
 *(.eh_frame)
 *(.eh_frame.*)

.gnu_extab
 *(.gnu_extab)

.gcc_except_table
 *(.gcc_except_table .gcc_except_table.*)

.exception_ranges
 *(.exception_ranges*)

.tdata          0x000000000002aec0        0x0
                [!provide]                        PROVIDE (__tdata_start = .)
 *(.tdata .tdata.* .gnu.linkonce.td.*)

.tbss
 *(.tbss .tbss.* .gnu.linkonce.tb.*)
 *(.tcommon)

.preinit_array  0x000000000002aec0        0x0
                [!provide]                        PROVIDE (__preinit_array_start = .)
 *(.preinit_array)
                [!provide]                        PROVIDE (__preinit_array_end = .)

.init_array     0x000000000002aec0        0x4
                0x000000000002aec0                PROVIDE (__init_array_start = .)
 *(SORT_BY_INIT_PRIORITY(.init_array.*) SORT_BY_INIT_PRIORITY(.ctors.*))
 *(.init_array EXCLUDE_FILE(*crtend?.o *crtend.o *crtbegin?.o *crtbegin.o) .ctors)
 .init_array    0x000000000002aec0        0x4 d:/ipaylabsdk/tools/cross-compiler/arm/sigmastar/gcc-10.2.1/bin/../lib/gcc/arm-none-linux-gnueabihf/10.2.1/crtbegin.o
                0x000000000002aec4                PROVIDE (__init_array_end = .)

.fini_array     0x000000000002aec4        0x4
                [!provide]                        PROVIDE (__fini_array_start = .)
 *(SORT_BY_INIT_PRIORITY(.fini_array.*) SORT_BY_INIT_PRIORITY(.dtors.*))
 *(.fini_array EXCLUDE_FILE(*crtend?.o *crtend.o *crtbegin?.o *crtbegin.o) .dtors)
 .fini_array    0x000000000002aec4        0x4 d:/ipaylabsdk/tools/cross-compiler/arm/sigmastar/gcc-10.2.1/bin/../lib/gcc/arm-none-linux-gnueabihf/10.2.1/crtbegin.o
                [!provide]                        PROVIDE (__fini_array_end = .)

.ctors
 *crtbegin.o(.ctors)
 *crtbegin?.o(.ctors)
 *(EXCLUDE_FILE(*crtend?.o *crtend.o) .ctors)
 *(SORT_BY_NAME(.ctors.*))
 *(.ctors)

.dtors
 *crtbegin.o(.dtors)
 *crtbegin?.o(.dtors)
 *(EXCLUDE_FILE(*crtend?.o *crtend.o) .dtors)
 *(SORT_BY_NAME(.dtors.*))
 *(.dtors)

.jcr
 *(.jcr)

.data.rel.ro    0x000000000002aec8        0x0
 *(.data.rel.ro.local* .gnu.linkonce.d.rel.ro.local.*)
 *(.data.rel.ro .data.rel.ro.* .gnu.linkonce.d.rel.ro.*)
 .data.rel.ro   0x000000000002aec8        0x0 d:/ipaylabsdk/tools/cross-compiler/arm/sigmastar/gcc-10.2.1/bin/../arm-none-linux-gnueabihf/libc/usr/lib/crt1.o

.dynamic        0x000000000002aec8      0x138
 *(.dynamic)
 .dynamic       0x000000000002aec8      0x138 d:/ipaylabsdk/tools/cross-compiler/arm/sigmastar/gcc-10.2.1/bin/../arm-none-linux-gnueabihf/libc/usr/lib/crt1.o
                0x000000000002aec8                _DYNAMIC
                0x000000000002b000                . = DATA_SEGMENT_RELRO_END (., 0x0)

.got            0x000000000002b000      0x154
 *(.got.plt)
 .got.plt       0x000000000002b000      0x150 d:/ipaylabsdk/tools/cross-compiler/arm/sigmastar/gcc-10.2.1/bin/../arm-none-linux-gnueabihf/libc/usr/lib/crt1.o
                0x000000000002b000                _GLOBAL_OFFSET_TABLE_
 *(.igot.plt)
 .igot.plt      0x000000000002b150        0x0 d:/ipaylabsdk/tools/cross-compiler/arm/sigmastar/gcc-10.2.1/bin/../arm-none-linux-gnueabihf/libc/usr/lib/crt1.o
 *(.got)
 .got           0x000000000002b150        0x4 d:/ipaylabsdk/tools/cross-compiler/arm/sigmastar/gcc-10.2.1/bin/../arm-none-linux-gnueabihf/libc/usr/lib/crt1.o
 *(.igot)

.data           0x000000000002b154       0x14
                [!provide]                        PROVIDE (__data_start = .)
 *(.data .data.* .gnu.linkonce.d.*)
 .data          0x000000000002b154        0x4 d:/ipaylabsdk/tools/cross-compiler/arm/sigmastar/gcc-10.2.1/bin/../arm-none-linux-gnueabihf/libc/usr/lib/crt1.o
                0x000000000002b154                __data_start
                0x000000000002b154                data_start
 .data          0x000000000002b158        0x0 d:/ipaylabsdk/tools/cross-compiler/arm/sigmastar/gcc-10.2.1/bin/../arm-none-linux-gnueabihf/libc/usr/lib/crti.o
 .data          0x000000000002b158        0x4 d:/ipaylabsdk/tools/cross-compiler/arm/sigmastar/gcc-10.2.1/bin/../lib/gcc/arm-none-linux-gnueabihf/10.2.1/crtbegin.o
                0x000000000002b158                __dso_handle
 .data          0x000000000002b15c        0x0 obj_err/comm.o
 .data          0x000000000002b15c        0x0 obj_err/debug.o
 .data          0x000000000002b15c        0x0 obj_err/main.o
 .data          0x000000000002b15c        0x0 obj_err/vkeythread.o
 .data          0x000000000002b15c        0xc obj_err/cJSON.o
 .data          0x000000000002b168        0x0 obj_err/cJSON_Utils.o
 .data          0x000000000002b168        0x0 d:\ipaylabsdk\tools\cross-compiler\arm\sigmastar\gcc-10.2.1\bin\../arm-none-linux-gnueabihf/libc/usr/lib/libc_nonshared.a(elf-init.oS)
 .data          0x000000000002b168        0x0 d:/ipaylabsdk/tools/cross-compiler/arm/sigmastar/gcc-10.2.1/bin/../lib/gcc/arm-none-linux-gnueabihf/10.2.1/crtend.o
 .data          0x000000000002b168        0x0 d:/ipaylabsdk/tools/cross-compiler/arm/sigmastar/gcc-10.2.1/bin/../arm-none-linux-gnueabihf/libc/usr/lib/crtn.o

.tm_clone_table
                0x000000000002b168        0x0
 .tm_clone_table
                0x000000000002b168        0x0 d:/ipaylabsdk/tools/cross-compiler/arm/sigmastar/gcc-10.2.1/bin/../lib/gcc/arm-none-linux-gnueabihf/10.2.1/crtbegin.o
 .tm_clone_table
                0x000000000002b168        0x0 d:/ipaylabsdk/tools/cross-compiler/arm/sigmastar/gcc-10.2.1/bin/../lib/gcc/arm-none-linux-gnueabihf/10.2.1/crtend.o

.data1
 *(.data1)
                0x000000000002b168                _edata = .
                [!provide]                        PROVIDE (edata = .)
                0x000000000002b168                . = .
                0x000000000002b168                __bss_start = .
                0x000000000002b168                __bss_start__ = .

.bss            0x000000000002b168       0x40
 *(.dynbss)
 .dynbss        0x000000000002b168        0x0 d:/ipaylabsdk/tools/cross-compiler/arm/sigmastar/gcc-10.2.1/bin/../arm-none-linux-gnueabihf/libc/usr/lib/crt1.o
 *(.bss .bss.* .gnu.linkonce.b.*)
 .bss           0x000000000002b168        0x0 d:/ipaylabsdk/tools/cross-compiler/arm/sigmastar/gcc-10.2.1/bin/../arm-none-linux-gnueabihf/libc/usr/lib/crt1.o
 .bss           0x000000000002b168        0x0 d:/ipaylabsdk/tools/cross-compiler/arm/sigmastar/gcc-10.2.1/bin/../arm-none-linux-gnueabihf/libc/usr/lib/crti.o
 .bss           0x000000000002b168        0x1 d:/ipaylabsdk/tools/cross-compiler/arm/sigmastar/gcc-10.2.1/bin/../lib/gcc/arm-none-linux-gnueabihf/10.2.1/crtbegin.o
 .bss           0x000000000002b169        0x0 obj_err/comm.o
 *fill*         0x000000000002b169        0x3 
 .bss           0x000000000002b16c        0x4 obj_err/debug.o
 .bss           0x000000000002b170        0x0 obj_err/main.o
 .bss           0x000000000002b170       0x20 obj_err/vkeythread.o
                0x000000000002b170                gVKeyMutex
 .bss           0x000000000002b190       0x17 obj_err/cJSON.o
 .bss           0x000000000002b1a7        0x0 obj_err/cJSON_Utils.o
 .bss           0x000000000002b1a7        0x0 d:\ipaylabsdk\tools\cross-compiler\arm\sigmastar\gcc-10.2.1\bin\../arm-none-linux-gnueabihf/libc/usr/lib/libc_nonshared.a(elf-init.oS)
 .bss           0x000000000002b1a7        0x0 d:/ipaylabsdk/tools/cross-compiler/arm/sigmastar/gcc-10.2.1/bin/../lib/gcc/arm-none-linux-gnueabihf/10.2.1/crtend.o
 .bss           0x000000000002b1a7        0x0 d:/ipaylabsdk/tools/cross-compiler/arm/sigmastar/gcc-10.2.1/bin/../arm-none-linux-gnueabihf/libc/usr/lib/crtn.o
 *(COMMON)
                0x000000000002b1a8                . = ALIGN ((. != 0x0)?0x4:0x1)
 *fill*         0x000000000002b1a7        0x1 
                0x000000000002b1a8                _bss_end__ = .
                0x000000000002b1a8                __bss_end__ = .
                0x000000000002b1a8                . = ALIGN (0x4)
                0x000000000002b1a8                . = SEGMENT_START ("ldata-segment", .)
                0x000000000002b1a8                . = ALIGN (0x4)
                0x000000000002b1a8                __end__ = .
                0x000000000002b1a8                _end = .
                [!provide]                        PROVIDE (end = .)
                0x000000000002b1a8                . = DATA_SEGMENT_END (.)

.stab
 *(.stab)

.stabstr
 *(.stabstr)

.stab.excl
 *(.stab.excl)

.stab.exclstr
 *(.stab.exclstr)

.stab.index
 *(.stab.index)

.stab.indexstr
 *(.stab.indexstr)

.comment        0x0000000000000000       0x5d
 *(.comment)
 .comment       0x0000000000000000       0x5d d:/ipaylabsdk/tools/cross-compiler/arm/sigmastar/gcc-10.2.1/bin/../arm-none-linux-gnueabihf/libc/usr/lib/crt1.o
                                         0xbc (size before relaxing)
 .comment       0x000000000000005d       0x5e d:/ipaylabsdk/tools/cross-compiler/arm/sigmastar/gcc-10.2.1/bin/../lib/gcc/arm-none-linux-gnueabihf/10.2.1/crtbegin.o
 .comment       0x000000000000005d       0x5e obj_err/comm.o
 .comment       0x000000000000005d       0x5e obj_err/debug.o
 .comment       0x000000000000005d       0x5e obj_err/main.o
 .comment       0x000000000000005d       0x5e obj_err/vkeythread.o
 .comment       0x000000000000005d       0x5e obj_err/cJSON.o
 .comment       0x000000000000005d       0x5e obj_err/cJSON_Utils.o
 .comment       0x000000000000005d       0x5e d:\ipaylabsdk\tools\cross-compiler\arm\sigmastar\gcc-10.2.1\bin\../arm-none-linux-gnueabihf/libc/usr/lib/libc_nonshared.a(elf-init.oS)
 .comment       0x000000000000005d       0x5e d:/ipaylabsdk/tools/cross-compiler/arm/sigmastar/gcc-10.2.1/bin/../lib/gcc/arm-none-linux-gnueabihf/10.2.1/crtend.o

.ARM.attributes
                0x0000000000000000       0x35
 .ARM.attributes
                0x0000000000000000       0x35 d:/ipaylabsdk/tools/cross-compiler/arm/sigmastar/gcc-10.2.1/bin/../arm-none-linux-gnueabihf/libc/usr/lib/crt1.o
 .ARM.attributes
                0x0000000000000035       0x25 d:/ipaylabsdk/tools/cross-compiler/arm/sigmastar/gcc-10.2.1/bin/../arm-none-linux-gnueabihf/libc/usr/lib/crti.o
 .ARM.attributes
                0x000000000000005a       0x35 d:/ipaylabsdk/tools/cross-compiler/arm/sigmastar/gcc-10.2.1/bin/../lib/gcc/arm-none-linux-gnueabihf/10.2.1/crtbegin.o
 .ARM.attributes
                0x000000000000008f       0x35 obj_err/comm.o
 .ARM.attributes
                0x00000000000000c4       0x35 obj_err/debug.o
 .ARM.attributes
                0x00000000000000f9       0x35 obj_err/main.o
 .ARM.attributes
                0x000000000000012e       0x35 obj_err/vkeythread.o
 .ARM.attributes
                0x0000000000000163       0x35 obj_err/cJSON.o
 .ARM.attributes
                0x0000000000000198       0x35 obj_err/cJSON_Utils.o
 .ARM.attributes
                0x00000000000001cd       0x37 d:\ipaylabsdk\tools\cross-compiler\arm\sigmastar\gcc-10.2.1\bin\../arm-none-linux-gnueabihf/libc/usr/lib/libc_nonshared.a(elf-init.oS)
 .ARM.attributes
                0x0000000000000204       0x35 d:/ipaylabsdk/tools/cross-compiler/arm/sigmastar/gcc-10.2.1/bin/../lib/gcc/arm-none-linux-gnueabihf/10.2.1/crtend.o
 .ARM.attributes
                0x0000000000000239       0x25 d:/ipaylabsdk/tools/cross-compiler/arm/sigmastar/gcc-10.2.1/bin/../arm-none-linux-gnueabihf/libc/usr/lib/crtn.o

.gnu.build.attributes
 *(.gnu.build.attributes .gnu.build.attributes.*)

.debug
 *(.debug)

.line
 *(.line)

.debug_srcinfo
 *(.debug_srcinfo)

.debug_sfnames
 *(.debug_sfnames)

.debug_aranges  0x0000000000000000       0xb0
 *(.debug_aranges)
 .debug_aranges
                0x0000000000000000       0x38 d:/ipaylabsdk/tools/cross-compiler/arm/sigmastar/gcc-10.2.1/bin/../arm-none-linux-gnueabihf/libc/usr/lib/crt1.o
 .debug_aranges
                0x0000000000000038       0x30 d:/ipaylabsdk/tools/cross-compiler/arm/sigmastar/gcc-10.2.1/bin/../arm-none-linux-gnueabihf/libc/usr/lib/crti.o
 .debug_aranges
                0x0000000000000068       0x20 d:\ipaylabsdk\tools\cross-compiler\arm\sigmastar\gcc-10.2.1\bin\../arm-none-linux-gnueabihf/libc/usr/lib/libc_nonshared.a(elf-init.oS)
 .debug_aranges
                0x0000000000000088       0x28 d:/ipaylabsdk/tools/cross-compiler/arm/sigmastar/gcc-10.2.1/bin/../arm-none-linux-gnueabihf/libc/usr/lib/crtn.o

.debug_pubnames
 *(.debug_pubnames)

.debug_info     0x0000000000000000      0x210
 *(.debug_info .gnu.linkonce.wi.*)
 .debug_info    0x0000000000000000       0x62 d:/ipaylabsdk/tools/cross-compiler/arm/sigmastar/gcc-10.2.1/bin/../arm-none-linux-gnueabihf/libc/usr/lib/crt1.o
 .debug_info    0x0000000000000062       0x22 d:/ipaylabsdk/tools/cross-compiler/arm/sigmastar/gcc-10.2.1/bin/../arm-none-linux-gnueabihf/libc/usr/lib/crti.o
 .debug_info    0x0000000000000084      0x16a d:\ipaylabsdk\tools\cross-compiler\arm\sigmastar\gcc-10.2.1\bin\../arm-none-linux-gnueabihf/libc/usr/lib/libc_nonshared.a(elf-init.oS)
 .debug_info    0x00000000000001ee       0x22 d:/ipaylabsdk/tools/cross-compiler/arm/sigmastar/gcc-10.2.1/bin/../arm-none-linux-gnueabihf/libc/usr/lib/crtn.o

.debug_abbrev   0x0000000000000000      0x197
 *(.debug_abbrev)
 .debug_abbrev  0x0000000000000000       0x49 d:/ipaylabsdk/tools/cross-compiler/arm/sigmastar/gcc-10.2.1/bin/../arm-none-linux-gnueabihf/libc/usr/lib/crt1.o
 .debug_abbrev  0x0000000000000049       0x12 d:/ipaylabsdk/tools/cross-compiler/arm/sigmastar/gcc-10.2.1/bin/../arm-none-linux-gnueabihf/libc/usr/lib/crti.o
 .debug_abbrev  0x000000000000005b      0x12a d:\ipaylabsdk\tools\cross-compiler\arm\sigmastar\gcc-10.2.1\bin\../arm-none-linux-gnueabihf/libc/usr/lib/libc_nonshared.a(elf-init.oS)
 .debug_abbrev  0x0000000000000185       0x12 d:/ipaylabsdk/tools/cross-compiler/arm/sigmastar/gcc-10.2.1/bin/../arm-none-linux-gnueabihf/libc/usr/lib/crtn.o

.debug_line     0x0000000000000000      0x2da
 *(.debug_line .debug_line.* .debug_line_end)
 .debug_line    0x0000000000000000       0x80 d:/ipaylabsdk/tools/cross-compiler/arm/sigmastar/gcc-10.2.1/bin/../arm-none-linux-gnueabihf/libc/usr/lib/crt1.o
 .debug_line    0x0000000000000080       0x6c d:/ipaylabsdk/tools/cross-compiler/arm/sigmastar/gcc-10.2.1/bin/../arm-none-linux-gnueabihf/libc/usr/lib/crti.o
 .debug_line    0x00000000000000ec      0x19a d:\ipaylabsdk\tools\cross-compiler\arm\sigmastar\gcc-10.2.1\bin\../arm-none-linux-gnueabihf/libc/usr/lib/libc_nonshared.a(elf-init.oS)
 .debug_line    0x0000000000000286       0x54 d:/ipaylabsdk/tools/cross-compiler/arm/sigmastar/gcc-10.2.1/bin/../arm-none-linux-gnueabihf/libc/usr/lib/crtn.o

.debug_frame    0x0000000000000000       0x44
 *(.debug_frame)
 .debug_frame   0x0000000000000000       0x44 d:\ipaylabsdk\tools\cross-compiler\arm\sigmastar\gcc-10.2.1\bin\../arm-none-linux-gnueabihf/libc/usr/lib/libc_nonshared.a(elf-init.oS)

.debug_str      0x0000000000000000      0x349
 *(.debug_str)
 .debug_str     0x0000000000000000      0x19d d:/ipaylabsdk/tools/cross-compiler/arm/sigmastar/gcc-10.2.1/bin/../arm-none-linux-gnueabihf/libc/usr/lib/crt1.o
                                        0x374 (size before relaxing)
 .debug_str     0x000000000000019d       0x16 d:/ipaylabsdk/tools/cross-compiler/arm/sigmastar/gcc-10.2.1/bin/../arm-none-linux-gnueabihf/libc/usr/lib/crti.o
                                         0x9a (size before relaxing)
 .debug_str     0x00000000000001b3      0x180 d:\ipaylabsdk\tools\cross-compiler\arm\sigmastar\gcc-10.2.1\bin\../arm-none-linux-gnueabihf/libc/usr/lib/libc_nonshared.a(elf-init.oS)
                                        0x1fc (size before relaxing)
 .debug_str     0x0000000000000333       0x16 d:/ipaylabsdk/tools/cross-compiler/arm/sigmastar/gcc-10.2.1/bin/../arm-none-linux-gnueabihf/libc/usr/lib/crtn.o
                                         0x9a (size before relaxing)

.debug_loc      0x0000000000000000       0xfb
 *(.debug_loc)
 .debug_loc     0x0000000000000000       0xfb d:\ipaylabsdk\tools\cross-compiler\arm\sigmastar\gcc-10.2.1\bin\../arm-none-linux-gnueabihf/libc/usr/lib/libc_nonshared.a(elf-init.oS)

.debug_macinfo
 *(.debug_macinfo)

.debug_weaknames
 *(.debug_weaknames)

.debug_funcnames
 *(.debug_funcnames)

.debug_typenames
 *(.debug_typenames)

.debug_varnames
 *(.debug_varnames)

.debug_pubtypes
 *(.debug_pubtypes)

.debug_ranges   0x0000000000000000       0x48
 *(.debug_ranges)
 .debug_ranges  0x0000000000000000       0x28 d:/ipaylabsdk/tools/cross-compiler/arm/sigmastar/gcc-10.2.1/bin/../arm-none-linux-gnueabihf/libc/usr/lib/crti.o
 .debug_ranges  0x0000000000000028       0x20 d:/ipaylabsdk/tools/cross-compiler/arm/sigmastar/gcc-10.2.1/bin/../arm-none-linux-gnueabihf/libc/usr/lib/crtn.o

.debug_macro
 *(.debug_macro)

.debug_addr
 *(.debug_addr)

.gnu.attributes
 *(.gnu.attributes)

.note.gnu.arm.ident
 *(.note.gnu.arm.ident)

/DISCARD/
 *(.note.GNU-stack)
 *(.gnu_debuglink)
 *(.gnu.lto_*)
OUTPUT(bin/factorytest.bin elf32-littlearm)
LOAD linker stubs
